-- Automatically generated by SQLQueryTestSuite
-- Number of queries: 26


-- !query 0
select current_date = current_date(), current_timestamp = current_timestamp()
-- !query 0 schema
struct<(current_date() = current_date()):boolean,(current_timestamp() = current_timestamp()):boolean>
-- !query 0 output
true	true


-- !query 1
select to_date(null), to_date('2016-12-31'), to_date('2016-12-31', 'yyyy-MM-dd')
-- !query 1 schema
struct<to_date(NULL):date,to_date('2016-12-31'):date,to_date('2016-12-31', 'yyyy-MM-dd'):date>
-- !query 1 output
NULL	2016-12-31	2016-12-31


-- !query 2
select to_timestamp(null), to_timestamp('2016-12-31 00:12:00'), to_timestamp('2016-12-31', 'yyyy-MM-dd')
-- !query 2 schema
struct<to_timestamp(NULL):timestamp,to_timestamp('2016-12-31 00:12:00'):timestamp,to_timestamp('2016-12-31', 'yyyy-MM-dd'):timestamp>
-- !query 2 output
NULL	2016-12-31 00:12:00	2016-12-31 00:00:00


-- !query 3
select dayofweek('2007-02-03'), dayofweek('2009-07-30'), dayofweek('2017-05-27'), dayofweek(null), dayofweek('1582-10-15 13:10:15')
-- !query 3 schema
struct<dayofweek(CAST(2007-02-03 AS DATE)):int,dayofweek(CAST(2009-07-30 AS DATE)):int,dayofweek(CAST(2017-05-27 AS DATE)):int,dayofweek(CAST(NULL AS DATE)):int,dayofweek(CAST(1582-10-15 13:10:15 AS DATE)):int>
-- !query 3 output
7	5	7	NULL	6


-- !query 4
create temporary view ttf1 as select * from values
  (1, 2),
  (2, 3)
  as ttf1(current_date, current_timestamp)
-- !query 4 schema
struct<>
-- !query 4 output



-- !query 5
select current_date, current_timestamp from ttf1
-- !query 5 schema
struct<current_date:int,current_timestamp:int>
-- !query 5 output
1	2
2	3


-- !query 6
create temporary view ttf2 as select * from values
  (1, 2),
  (2, 3)
  as ttf2(a, b)
-- !query 6 schema
struct<>
-- !query 6 output



-- !query 7
select current_date = current_date(), current_timestamp = current_timestamp(), a, b from ttf2
-- !query 7 schema
struct<(current_date() = current_date()):boolean,(current_timestamp() = current_timestamp()):boolean,a:int,b:int>
-- !query 7 output
true	true	1	2
true	true	2	3


-- !query 8
select a, b from ttf2 order by a, current_date
-- !query 8 schema
struct<a:int,b:int>
-- !query 8 output
1	2
2	3


-- !query 9
select weekday('2007-02-03'), weekday('2009-07-30'), weekday('2017-05-27'), weekday(null), weekday('1582-10-15 13:10:15')
-- !query 9 schema
struct<weekday(CAST(2007-02-03 AS DATE)):int,weekday(CAST(2009-07-30 AS DATE)):int,weekday(CAST(2017-05-27 AS DATE)):int,weekday(CAST(NULL AS DATE)):int,weekday(CAST(1582-10-15 13:10:15 AS DATE)):int>
-- !query 9 output
5	3	5	NULL	4


-- !query 10
select from_utc_timestamp('2015-07-24 00:00:00', 'PST')
-- !query 10 schema
struct<from_utc_timestamp(2015-07-24 00:00:00, PST):timestamp>
-- !query 10 output
2015-07-23 17:00:00


-- !query 11
select from_utc_timestamp('2015-01-24 00:00:00', 'PST')
-- !query 11 schema
struct<from_utc_timestamp(2015-01-24 00:00:00, PST):timestamp>
-- !query 11 output
2015-01-23 16:00:00


-- !query 12
select from_utc_timestamp(null, 'PST')
-- !query 12 schema
struct<from_utc_timestamp(CAST(NULL AS TIMESTAMP), PST):timestamp>
-- !query 12 output
NULL


-- !query 13
select from_utc_timestamp('2015-07-24 00:00:00', null)
-- !query 13 schema
struct<from_utc_timestamp(2015-07-24 00:00:00, CAST(NULL AS STRING)):timestamp>
-- !query 13 output
NULL


-- !query 14
select from_utc_timestamp(null, null)
-- !query 14 schema
struct<from_utc_timestamp(CAST(NULL AS TIMESTAMP), CAST(NULL AS STRING)):timestamp>
-- !query 14 output
NULL


-- !query 15
select from_utc_timestamp(cast(0 as timestamp), 'PST')
-- !query 15 schema
struct<from_utc_timestamp(CAST(0 AS TIMESTAMP), PST):timestamp>
-- !query 15 output
1969-12-31 08:00:00


-- !query 16
select from_utc_timestamp(cast('2015-01-24' as date), 'PST')
-- !query 16 schema
struct<from_utc_timestamp(CAST(CAST(2015-01-24 AS DATE) AS TIMESTAMP), PST):timestamp>
-- !query 16 output
2015-01-23 16:00:00


-- !query 17
select to_utc_timestamp('2015-07-24 00:00:00', 'PST')
-- !query 17 schema
struct<to_utc_timestamp(2015-07-24 00:00:00, PST):timestamp>
-- !query 17 output
2015-07-24 07:00:00


-- !query 18
select to_utc_timestamp('2015-01-24 00:00:00', 'PST')
-- !query 18 schema
struct<to_utc_timestamp(2015-01-24 00:00:00, PST):timestamp>
-- !query 18 output
2015-01-24 08:00:00


-- !query 19
select to_utc_timestamp(null, 'PST')
-- !query 19 schema
struct<to_utc_timestamp(CAST(NULL AS TIMESTAMP), PST):timestamp>
-- !query 19 output
NULL


-- !query 20
select to_utc_timestamp('2015-07-24 00:00:00', null)
-- !query 20 schema
struct<to_utc_timestamp(2015-07-24 00:00:00, CAST(NULL AS STRING)):timestamp>
-- !query 20 output
NULL


-- !query 21
select to_utc_timestamp(null, null)
-- !query 21 schema
struct<to_utc_timestamp(CAST(NULL AS TIMESTAMP), CAST(NULL AS STRING)):timestamp>
-- !query 21 output
NULL


-- !query 22
select to_utc_timestamp(cast(0 as timestamp), 'PST')
-- !query 22 schema
struct<to_utc_timestamp(CAST(0 AS TIMESTAMP), PST):timestamp>
-- !query 22 output
1970-01-01 00:00:00


-- !query 23
select to_utc_timestamp(cast('2015-01-24' as date), 'PST')
-- !query 23 schema
struct<to_utc_timestamp(CAST(CAST(2015-01-24 AS DATE) AS TIMESTAMP), PST):timestamp>
-- !query 23 output
2015-01-24 08:00:00


-- !query 24
select from_utc_timestamp('2000-10-10 00:00:00+00:00', 'PST')
-- !query 24 schema
struct<from_utc_timestamp(2000-10-10 00:00:00+00:00, PST):timestamp>
-- !query 24 output
NULL


-- !query 25
select to_utc_timestamp('2000-10-10 00:00:00+00:00', 'PST')
-- !query 25 schema
struct<to_utc_timestamp(2000-10-10 00:00:00+00:00, PST):timestamp>
-- !query 25 output
NULL
