-- Automatically generated by SQLQueryTestSuite
-- Number of queries: 3


-- !query 0
CREATE OR REPLACE TEMPORARY VIEW t1 AS SELECT * FROM VALUES
 (101, 1, 1, 1),
 (201, 2, 1, 1),
 (301, 3, 1, 1),
 (401, 4, 1, 11),
 (501, 5, 1, null),
 (601, 6, null, 1),
 (701, 6, null, null),
 (102, 1, 2, 2),
 (202, 2, 1, 2),
 (302, 3, 2, 1),
 (402, 4, 2, 12),
 (502, 5, 2, null),
 (602, 6, null, 2),
 (702, 6, null, null),
 (103, 1, 3, 3),
 (203, 2, 1, 3),
 (303, 3, 3, 1),
 (403, 4, 3, 13),
 (503, 5, 3, null),
 (603, 6, null, 3),
 (703, 6, null, null),
 (104, 1, 4, 4),
 (204, 2, 1, 4),
 (304, 3, 4, 1),
 (404, 4, 4, 14),
 (504, 5, 4, null),
 (604, 6, null, 4),
 (704, 6, null, null),
 (800, 7, 1, 1)
as t1(id, px, y, x)
-- !query 0 schema
struct<>
-- !query 0 output



-- !query 1
select px, var_pop(x), var_pop(y), corr(y,x), covar_samp(y,x), covar_pop(y,x), regr_count(y,x),
 regr_slope(y,x), regr_intercept(y,x), regr_r2(y,x), regr_sxx(y,x), regr_syy(y,x), regr_sxy(y,x),
 regr_avgx(y,x), regr_avgy(y,x), regr_count(y,x)
from t1 group by px order by px
-- !query 1 schema
struct<px:int,var_pop(CAST(x AS DOUBLE)):double,var_pop(CAST(y AS DOUBLE)):double,corr(CAST(y AS DOUBLE), CAST(x AS DOUBLE)):double,covar_samp(CAST(y AS DOUBLE), CAST(x AS DOUBLE)):double,covar_pop(CAST(y AS DOUBLE), CAST(x AS DOUBLE)):double,regr_count(CAST(y AS DOUBLE), CAST(x AS DOUBLE)):bigint,regr_slope(CAST(y AS DOUBLE), CAST(x AS DOUBLE)):double,regr_intercept(CAST(y AS DOUBLE), CAST(x AS DOUBLE)):double,regr_r2(CAST(y AS DOUBLE), CAST(x AS DOUBLE)):double,regr_sxx(CAST(y AS DOUBLE), CAST(x AS DOUBLE)):double,regr_syy(CAST(y AS DOUBLE), CAST(x AS DOUBLE)):double,regr_sxy(CAST(y AS DOUBLE), CAST(x AS DOUBLE)):double,regr_avgx(CAST(y AS DOUBLE), CAST(x AS DOUBLE)):double,regr_avgy(CAST(y AS DOUBLE), CAST(x AS DOUBLE)):double,regr_count(CAST(y AS DOUBLE), CAST(x AS DOUBLE)):bigint>
-- !query 1 output
1	1.25	1.25	1.0	1.6666666666666667	1.25	4	1.0	0.0	1.0	5.0	5.0	5.0	2.5	2.5	4
2	1.25	0.0	NULL	0.0	0.0	4	0.0	1.0	1.0	5.0	0.0	0.0	2.5	1.0	4
3	0.0	1.25	NULL	0.0	0.0	4	NULL	NULL	NULL	0.0	5.0	0.0	1.0	2.5	4
4	1.25	1.25	1.0	1.6666666666666667	1.25	4	1.0	-10.0	1.0	5.0	5.0	5.0	12.5	2.5	4
5	NULL	1.25	NULL	NULL	NULL	0	NULL	NULL	NULL	NULL	NULL	NULL	NULL	NULL	0
6	1.25	NULL	NULL	NULL	NULL	0	NULL	NULL	NULL	NULL	NULL	NULL	NULL	NULL	0
7	0.0	0.0	NaN	NaN	0.0	1	NULL	NULL	NULL	0.0	0.0	0.0	1.0	1.0	1


-- !query 2
select id, regr_count(y,x) over (partition by px) from t1 order by id
-- !query 2 schema
struct<id:int,regr_count(CAST(y AS DOUBLE), CAST(x AS DOUBLE)) OVER (PARTITION BY px ROWS BETWEEN UNBOUNDED PRECEDING AND UNBOUNDED FOLLOWING):bigint>
-- !query 2 output
101	4
102	4
103	4
104	4
201	4
202	4
203	4
204	4
301	4
302	4
303	4
304	4
401	4
402	4
403	4
404	4
501	0
502	0
503	0
504	0
601	0
602	0
603	0
604	0
701	0
702	0
703	0
704	0
800	1
